[ 1/10] index.qmd

Starting python3 kernel...Done

Executing 'index.quarto_ipynb'
  Cell 1/1: ''...Done

[WARNING] Div at line 34 column 1 unclosed at line 77 column 1, closing implicitly.

Starting python3 kernel...Done

Executing 'index.quarto_ipynb'
  Cell 1/1: ''...Done


Starting python3 kernel...Done

Executing 'index.quarto_ipynb'
  Cell 1/1: ''...Done

[ 2/10] content\project-overview.qmd
[ 3/10] content\glossary.qmd
[ 4/10] content\methods.qmd
[ 5/10] content\connectivity-status.qmd
- One or more packages recorded in the lockfile are not installed.
- Use `renv::status()` for more details.
Warning message:
Project requested Python version '3.8' but '3.11' is currently being used 


processing file: connectivity-status.qmd
1/3          
2/3 [table-1]
3/3          
output file: connectivity-status.knit.md

- One or more packages recorded in the lockfile are not installed.
- Use `renv::status()` for more details.
Warning message:
Project requested Python version '3.8' but '3.11' is currently being used 


processing file: connectivity-status.qmd
1/3          
2/3 [table-1]
3/3          
output file: connectivity-status.knit.md

- One or more packages recorded in the lockfile are not installed.
- Use `renv::status()` for more details.
Warning message:
Project requested Python version '3.8' but '3.11' is currently being used 


processing file: connectivity-status.qmd
1/3          
2/3 [table-1]
3/3          
output file: connectivity-status.knit.md

[ 6/10] content\work-planning.qmd
[ 7/10] content\progress-reporting.qmd
- One or more packages recorded in the lockfile are not installed.
- Use `renv::status()` for more details.
Warning message:
Project requested Python version '3.8' but '3.11' is currently being used 


processing file: progress-reporting.qmd
1/3           
2/3 [table-10]
3/3           
output file: progress-reporting.knit.md

- One or more packages recorded in the lockfile are not installed.
- Use `renv::status()` for more details.
Warning message:
Project requested Python version '3.8' but '3.11' is currently being used 


processing file: progress-reporting.qmd
1/3           
2/3 [table-10]
3/3           
output file: progress-reporting.knit.md

- One or more packages recorded in the lockfile are not installed.
- Use `renv::status()` for more details.
Warning message:
Project requested Python version '3.8' but '3.11' is currently being used 


processing file: progress-reporting.qmd
1/3           
2/3 [table-10]
3/3           
output file: progress-reporting.knit.md

[ 8/10] content\references.qmd
WARN: Unable to resolve link target: content\content\appendix-b.qmd
[ 9/10] content\appendix-a.qmd
- One or more packages recorded in the lockfile are not installed.
- Use `renv::status()` for more details.
Warning message:
Project requested Python version '3.8' but '3.11' is currently being used 


processing file: appendix-a.qmd
1/5          
2/5 [table-3]
3/5          
4/5 [table-4]
5/5          
output file: appendix-a.knit.md

- One or more packages recorded in the lockfile are not installed.
- Use `renv::status()` for more details.
Warning message:
Project requested Python version '3.8' but '3.11' is currently being used 


processing file: appendix-a.qmd
1/5          
2/5 [table-3]
3/5          
4/5 [table-4]
5/5          
output file: appendix-a.knit.md

- One or more packages recorded in the lockfile are not installed.
- Use `renv::status()` for more details.
Warning message:
Project requested Python version '3.8' but '3.11' is currently being used 


processing file: appendix-a.qmd
1/5          
2/5 [table-3]
3/5          
4/5 [table-4]
5/5          
output file: appendix-a.knit.md

[10/10] content\appendix-b.qmd
- One or more packages recorded in the lockfile are not installed.
- Use `renv::status()` for more details.
Warning message:
Project requested Python version '3.8' but '3.11' is currently being used 


processing file: appendix-b.qmd
1/5          
2/5 [table-5]
3/5          
4/5 [table-6]
5/5          
output file: appendix-b.knit.md

- One or more packages recorded in the lockfile are not installed.
- Use `renv::status()` for more details.
Warning message:
Project requested Python version '3.8' but '3.11' is currently being used 


processing file: appendix-b.qmd
1/5          
2/5 [table-5]
3/5          
4/5 [table-6]
5/5          
output file: appendix-b.knit.md

- One or more packages recorded in the lockfile are not installed.
- Use `renv::status()` for more details.
Warning message:
Project requested Python version '3.8' but '3.11' is currently being used 


processing file: appendix-b.qmd
1/5          
2/5 [table-5]
3/5          
4/5 [table-6]
5/5          
output file: appendix-b.knit.md


- One or more packages recorded in the lockfile are not installed.
- Use `renv::status()` for more details.
Warning message:
Project requested Python version '3.8' but '3.11' is currently being used 
pandoc 
  to: latex
  output-file: index.tex
  standalone: true
  toc: true
  number-sections: true
  top-level-division: chapter
  pdf-engine: xelatex
  variables:
    graphics: true
    tables: true
  default-image-extension: pdf
  toc-depth: 2
  
metadata
  crossref:
    chapters: true
  documentclass: scrreprt
  papersize: letter
  classoption:
    - DIV=11
    - numbers=noendperiod
  header-includes:
    - '\KOMAoption{captions}{tableheading}'
  block-headings: true
  bibliography:
    - references.bib
  title-block-banner: '#f6f6f6'
  colorlinks: true
  jupyter: python3
  title: Morice River Watershed Connectivity Restoration Plan
  author: Canadian Wildlife Federation
  date: '2026-07-27T15:15:43-07:00'
  date-format: DD-MM-YYYY
  
[WARNING] Div at line 51 column 1 unclosed at line 1836 column 1, closing implicitly.

Rendering PDF
running xelatex - 1
  This is XeTeX, Version 3.141592653-2.6-0.999997 (TeX Live 2025) (preloaded format=xelatex)
   restricted \write18 enabled.
  entering extended mode
  
updating tlmgr

updating existing packages
finding package for expl3.sty
> 2 packages to install
> installing l3kernel (1 of 2)
ERROR: NotFound: The system cannot find the file specified. (os error 2): rename 'C:\Users\707309\Documents\_Projects\CWF\morice-online-wcrp\index.html' -> 'C:\Users\707309\Documents\_Projects\CWF\morice-online-wcrp\_book\index.html'

Stack trace:
    at Object.renameSync (ext:deno_fs/30_fs.js:267:3)
    at renderProject (file:///C:/Program%20Files/Quarto/bin/quarto.js:78512:22)
    at eventLoopTick (ext:core/01_core.js:153:7)
    at async Command.actionHandler (file:///C:/Program%20Files/Quarto/bin/quarto.js:83077:32)
    at async Command.execute (file:///C:/Program%20Files/Quarto/bin/quarto.js:8017:13)
    at async Command.parseCommand (file:///C:/Program%20Files/Quarto/bin/quarto.js:7907:20)
    at async quarto (file:///C:/Program%20Files/Quarto/bin/quarto.js:118224:9)
    at async file:///C:/Program%20Files/Quarto/bin/quarto.js:118244:9
    at async mainRunner (file:///C:/Program%20Files/Quarto/bin/quarto.js:118128:9)
    at async file:///C:/Program%20Files/Quarto/bin/quarto.js:118235:5
